2026-09-25 11:55:55 | root                           | INFO   | Logging configured: file=/content/drive/MyDrive/sezione_3/full/logs/runner.log level=INFO
2026-09-25 11:55:55 | __main__                       | INFO   | Mode: full
2026-09-25 11:55:55 | __main__                       | INFO   | Run root: /content/drive/MyDrive/sezione_3/full
2026-09-25 11:55:55 | __main__                       | INFO   | Models: ['conv1d', 'qkv']
2026-09-25 11:55:55 | __main__                       | INFO   | No dataset regeneration: False
2026-09-25 11:55:55 | __main__                       | INFO   | ================================================================================
2026-09-25 11:55:55 | __main__                       | INFO   | EXPERIMENT ber_vs_snr
2026-09-25 11:55:55 | __main__                       | INFO   | ================================================================================
2026-09-25 11:55:55 | __main__                       | INFO   | ber_vs_snr: scenarios limited to ['k3_doppler_full']
2026-09-25 11:55:55 | __main__                       | INFO   | experiment_name = ber_vs_snr_full
2026-09-25 11:55:55 | __main__                       | INFO   | seed = 42
2026-09-25 11:55:55 | __main__                       | INFO   | lambda_mse = 2
2026-09-25 11:55:55 | __main__                       | INFO   | sequence_length = 100
2026-09-25 11:55:55 | __main__                       | INFO   | map_type = logistic / map_param = 3.9
2026-09-25 11:55:55 | __main__                       | INFO   | backbone_type = conv1d
2026-09-25 11:55:55 | __main__                       | INFO   | epochs = 30
2026-09-25 11:55:55 | src.utils.config_loader        | INFO   | config snapshot saved: /content/drive/MyDrive/sezione_3/full/ber_vs_snr/logs/config_used.yaml
2026-09-25 11:55:55 | __main__                       | INFO   | ============================================================
2026-09-25 11:55:55 | __main__                       | INFO   | ber_vs_snr experiment: BER vs SNR (5 architectures, 3 scenarios)
2026-09-25 11:55:55 | __main__                       | INFO   | ============================================================
2026-09-25 11:55:55 | __main__                       | INFO   | ber_vs_snr: --model=['conv1d', 'qkv'] filters architectures to: ['conv1d', 'qkv']
2026-09-25 11:55:55 | __main__                       | INFO   | --- Scenario: k3_doppler_full ---
2026-09-25 11:55:55 | src.experiments.pipeline       | INFO   | Dataset not found in data/raw/760fc038, generating...
2026-09-25 11:55:56 | src.data.dataset_generator     | INFO   | saved data/raw/760fc038/train_snr-5_echo3.npz: 7500 symbols, x shape=(7500, 100), tau in [1, 33], f_d in [5.855e-08, 7.999e-05]
2026-09-25 11:55:57 | src.data.dataset_generator     | INFO   | saved data/raw/760fc038/train_snr-3_echo3.npz: 7500 symbols, x shape=(7500, 100), tau in [1, 33], f_d in [1.028e-07, 7.966e-05]
2026-09-25 11:55:58 | src.data.dataset_generator     | INFO   | saved data/raw/760fc038/train_snr-1_echo3.npz: 7500 symbols, x shape=(7500, 100), tau in [1, 33], f_d in [8.809e-08, 7.997e-05]
2026-09-25 11:55:59 | src.data.dataset_generator     | INFO   | saved data/raw/760fc038/train_snr1_echo3.npz: 7500 symbols, x shape=(7500, 100), tau in [1, 33], f_d in [1.393e-08, 7.996e-05]
2026-09-25 11:56:00 | src.data.dataset_generator     | INFO   | saved data/raw/760fc038/train_snr3_echo3.npz: 7500 symbols, x shape=(7500, 100), tau in [1, 33], f_d in [2.007e-08, 7.994e-05]
2026-09-25 11:56:01 | src.data.dataset_generator     | INFO   | saved data/raw/760fc038/train_snr5_echo3.npz: 7500 symbols, x shape=(7500, 100), tau in [1, 33], f_d in [9.287e-08, 7.999e-05]
2026-09-25 11:56:02 | src.data.dataset_generator     | INFO   | saved data/raw/760fc038/train_snr7_echo3.npz: 7500 symbols, x shape=(7500, 100), tau in [1, 33], f_d in [1.873e-08, 7.999e-05]
2026-09-25 11:56:03 | src.data.dataset_generator     | INFO   | saved data/raw/760fc038/train_snr9_echo3.npz: 7500 symbols, x shape=(7500, 100), tau in [1, 33], f_d in [3.304e-08, 7.999e-05]
2026-09-25 11:56:03 | src.data.dataset_generator     | INFO   | saved data/raw/760fc038/train_snr11_echo3.npz: 7500 symbols, x shape=(7500, 100), tau in [1, 33], f_d in [3.882e-08, 7.998e-05]
2026-09-25 11:56:04 | src.data.dataset_generator     | INFO   | saved data/raw/760fc038/train_snr13_echo3.npz: 7500 symbols, x shape=(7500, 100), tau in [1, 33], f_d in [4.591e-08, 7.993e-05]
2026-09-25 11:56:05 | src.data.dataset_generator     | INFO   | saved data/raw/760fc038/train_snr15_echo3.npz: 7500 symbols, x shape=(7500, 100), tau in [1, 33], f_d in [1.089e-08, 7.999e-05]
2026-09-25 11:56:05 | src.data.dataset_generator     | INFO   | saved data/raw/760fc038/train_snr17_echo3.npz: 7500 symbols, x shape=(7500, 100), tau in [1, 33], f_d in [7.323e-08, 7.986e-05]
2026-09-25 11:56:06 | src.data.dataset_generator     | INFO   | saved data/raw/760fc038/train_snr19_echo3.npz: 7500 symbols, x shape=(7500, 100), tau in [1, 33], f_d in [5.338e-08, 7.999e-05]
2026-09-25 11:56:07 | src.data.dataset_generator     | INFO   | saved data/raw/760fc038/train_snr21_echo3.npz: 7500 symbols, x shape=(7500, 100), tau in [1, 33], f_d in [2.547e-08, 7.992e-05]
2026-09-25 11:56:07 | src.data.dataset_generator     | INFO   | split 'train': 14 files generated, 7500 symbols per combination (combos=14)
2026-09-25 11:56:07 | src.data.dataset_generator     | INFO   | saved data/raw/760fc038/val_snr-5_echo3.npz: 5000 symbols, x shape=(5000, 100), tau in [1, 33], f_d in [6.988e-08, 7.999e-05]
2026-09-25 11:56:08 | src.data.dataset_generator     | INFO   | saved data/raw/760fc038/val_snr-3_echo3.npz: 5000 symbols, x shape=(5000, 100), tau in [1, 33], f_d in [2.936e-08, 7.981e-05]
2026-09-25 11:56:08 | src.data.dataset_generator     | INFO   | saved data/raw/760fc038/val_snr-1_echo3.npz: 5000 symbols, x shape=(5000, 100), tau in [1, 33], f_d in [1.602e-07, 7.976e-05]
2026-09-25 11:56:09 | src.data.dataset_generator     | INFO   | saved data/raw/760fc038/val_snr1_echo3.npz: 5000 symbols, x shape=(5000, 100), tau in [1, 33], f_d in [1.069e-07, 7.989e-05]
2026-09-25 11:56:09 | src.data.dataset_generator     | INFO   | saved data/raw/760fc038/val_snr3_echo3.npz: 5000 symbols, x shape=(5000, 100), tau in [1, 33], f_d in [1.071e-07, 7.983e-05]
2026-09-25 11:56:10 | src.data.dataset_generator     | INFO   | saved data/raw/760fc038/val_snr5_echo3.npz: 5000 symbols, x shape=(5000, 100), tau in [1, 33], f_d in [6.418e-08, 7.999e-05]
2026-09-25 11:56:10 | src.data.dataset_generator     | INFO   | saved data/raw/760fc038/val_snr7_echo3.npz: 5000 symbols, x shape=(5000, 100), tau in [1, 33], f_d in [1.053e-07, 7.992e-05]
2026-09-25 11:56:11 | src.data.dataset_generator     | INFO   | saved data/raw/760fc038/val_snr9_echo3.npz: 5000 symbols, x shape=(5000, 100), tau in [1, 33], f_d in [1.212e-08, 7.971e-05]
2026-09-25 11:56:11 | src.data.dataset_generator     | INFO   | saved data/raw/760fc038/val_snr11_echo3.npz: 5000 symbols, x shape=(5000, 100), tau in [1, 33], f_d in [6.813e-08, 7.990e-05]
2026-09-25 11:56:12 | src.data.dataset_generator     | INFO   | saved data/raw/760fc038/val_snr13_echo3.npz: 5000 symbols, x shape=(5000, 100), tau in [1, 33], f_d in [2.243e-08, 7.999e-05]
2026-09-25 11:56:13 | src.data.dataset_generator     | INFO   | saved data/raw/760fc038/val_snr15_echo3.npz: 5000 symbols, x shape=(5000, 100), tau in [1, 33], f_d in [1.167e-08, 7.999e-05]
2026-09-25 11:56:14 | src.data.dataset_generator     | INFO   | saved data/raw/760fc038/val_snr17_echo3.npz: 5000 symbols, x shape=(5000, 100), tau in [1, 33], f_d in [5.824e-08, 7.976e-05]
2026-09-25 11:56:14 | src.data.dataset_generator     | INFO   | saved data/raw/760fc038/val_snr19_echo3.npz: 5000 symbols, x shape=(5000, 100), tau in [1, 33], f_d in [9.317e-08, 7.983e-05]
2026-09-25 11:56:15 | src.data.dataset_generator     | INFO   | saved data/raw/760fc038/val_snr21_echo3.npz: 5000 symbols, x shape=(5000, 100), tau in [1, 33], f_d in [9.097e-08, 7.998e-05]
2026-09-25 11:56:15 | src.data.dataset_generator     | INFO   | split 'val': 14 files generated, 5000 symbols per combination (combos=14)
2026-09-25 11:56:17 | src.data.dataset_generator     | INFO   | saved data/raw/760fc038/test_snr-5_echo3.npz: 20000 symbols, x shape=(20000, 100), tau in [1, 33], f_d in [4.596e-08, 8.000e-05]
2026-09-25 11:56:19 | src.data.dataset_generator     | INFO   | saved data/raw/760fc038/test_snr-3_echo3.npz: 20000 symbols, x shape=(20000, 100), tau in [1, 33], f_d in [3.709e-08, 7.996e-05]
2026-09-25 11:56:21 | src.data.dataset_generator     | INFO   | saved data/raw/760fc038/test_snr-1_echo3.npz: 20000 symbols, x shape=(20000, 100), tau in [1, 33], f_d in [1.647e-08, 7.999e-05]
2026-09-25 11:56:23 | src.data.dataset_generator     | INFO   | saved data/raw/760fc038/test_snr1_echo3.npz: 20000 symbols, x shape=(20000, 100), tau in [1, 33], f_d in [2.711e-08, 7.998e-05]
2026-09-25 11:56:25 | src.data.dataset_generator     | INFO   | saved data/raw/760fc038/test_snr3_echo3.npz: 20000 symbols, x shape=(20000, 100), tau in [1, 33], f_d in [9.743e-09, 7.999e-05]
2026-09-25 11:56:28 | src.data.dataset_generator     | INFO   | saved data/raw/760fc038/test_snr5_echo3.npz: 20000 symbols, x shape=(20000, 100), tau in [1, 33], f_d in [3.631e-09, 7.997e-05]
2026-09-25 11:56:30 | src.data.dataset_generator     | INFO   | saved data/raw/760fc038/test_snr7_echo3.npz: 20000 symbols, x shape=(20000, 100), tau in [1, 33], f_d in [6.121e-09, 7.994e-05]
2026-09-25 11:56:32 | src.data.dataset_generator     | INFO   | saved data/raw/760fc038/test_snr9_echo3.npz: 20000 symbols, x shape=(20000, 100), tau in [1, 33], f_d in [7.410e-09, 7.982e-05]
2026-09-25 11:56:34 | src.data.dataset_generator     | INFO   | saved data/raw/760fc038/test_snr11_echo3.npz: 20000 symbols, x shape=(20000, 100), tau in [1, 33], f_d in [1.007e-08, 7.999e-05]
2026-09-25 11:56:36 | src.data.dataset_generator     | INFO   | saved data/raw/760fc038/test_snr13_echo3.npz: 20000 symbols, x shape=(20000, 100), tau in [1, 33], f_d in [7.872e-09, 7.999e-05]
2026-09-25 11:56:37 | src.data.dataset_generator     | INFO   | saved data/raw/760fc038/test_snr15_echo3.npz: 20000 symbols, x shape=(20000, 100), tau in [1, 33], f_d in [8.955e-10, 7.999e-05]
2026-09-25 11:56:41 | src.data.dataset_generator     | INFO   | saved data/raw/760fc038/test_snr17_echo3.npz: 20000 symbols, x shape=(20000, 100), tau in [1, 33], f_d in [1.103e-08, 7.996e-05]
2026-09-25 11:56:43 | src.data.dataset_generator     | INFO   | saved data/raw/760fc038/test_snr19_echo3.npz: 20000 symbols, x shape=(20000, 100), tau in [1, 33], f_d in [1.161e-08, 7.998e-05]
2026-09-25 11:56:45 | src.data.dataset_generator     | INFO   | saved data/raw/760fc038/test_snr21_echo3.npz: 20000 symbols, x shape=(20000, 100), tau in [1, 33], f_d in [1.161e-07, 7.999e-05]
2026-09-25 11:56:45 | src.data.dataset_generator     | INFO   | split 'test': 14 files generated, 20000 symbols per combination (combos=14)
2026-09-25 11:56:46 | src.data.data_loader           | INFO   | split 'train': 105000 total samples, x shape=(105000, 100), tau in [1.00, 33.00], f_d in [1.089e-08, 7.999e-05]
2026-09-25 11:56:46 | src.data.data_loader           | INFO   | balancing verified: 7500 samples for each of the 14 (SNR, K) combinations
2026-09-25 11:57:00 | src.experiments.pipeline       | INFO   | Split 'train': 105000 samples
2026-09-25 11:57:01 | src.data.data_loader           | INFO   | split 'val': 70000 total samples, x shape=(70000, 100), tau in [1.00, 33.00], f_d in [1.167e-08, 7.999e-05]
2026-09-25 11:57:01 | src.data.data_loader           | INFO   | balancing verified: 5000 samples for each of the 14 (SNR, K) combinations
2026-09-25 11:57:11 | src.experiments.pipeline       | INFO   | Split 'val': 70000 samples
2026-09-25 11:57:15 | src.data.data_loader           | INFO   | dataset built: n=105000, batch_size=128, feature_mode=iq, shuffle=True, seed=42
2026-09-25 11:57:15 | src.data.data_loader           | INFO   | dataset built: n=70000, batch_size=128, feature_mode=iq, shuffle=False, seed=42
2026-09-25 11:57:15 | __main__                       | INFO   | Architecture: conv1d
2026-09-25 11:57:15 | src.experiments.pipeline       | INFO   | build_model 'conv1d': model seed applied = 21 (from model.seeds.conv1d, dataset seed stays 42)
2026-09-25 11:57:17 | src.models.heads               | INFO   | communication_head built: input_dim=64, units=128, M=2, params=8578
2026-09-25 11:57:17 | src.models.heads               | INFO   | sensing_head built: input_dim=227, units=32, output_units=2, params=7362
2026-09-25 11:57:19 | src.models.ultra_can           | INFO   | model 'dual_head_ultra_can' built: comm=8578 params, sensing=7362 params, TOTAL=26597 params
2026-09-25 11:57:19 | src.experiments.pipeline       | INFO   | Model 'dual_head_ultra_can' built: 26597 trainable parameters.
2026-09-25 11:57:19 | src.experiments.pipeline       | INFO   | Training for 30 epochs, lambda_mse=2.0000
2026-09-25 11:57:19 | src.training.trainer           | INFO   | Trainer initialized: lambda_mse = 2.0
2026-09-25 11:57:19 | src.training.trainer           | INFO   | Model compiled: loss_weights = {'comm': 1.0, 'sensing': 2}, lr=0.001000, optimizer=adam, label_smoothing=0.1, lr_schedule=cosine, sensing_range_penalty=1.0
2026-09-25 11:57:21 | src.training.trainer           | INFO   | Callbacks configured: 5
2026-09-25 11:57:21 | src.training.trainer           | INFO   | Starting training: epochs=30, batch_size=128
2026-09-25 12:15:00 | root                           | INFO   | Logging configured: file=/content/drive/MyDrive/sezione_3/full/logs/runner.log level=INFO
2026-09-25 12:15:00 | __main__                       | INFO   | Mode: full
2026-09-25 12:15:00 | __main__                       | INFO   | Run root: /content/drive/MyDrive/sezione_3/full
2026-09-25 12:15:00 | __main__                       | INFO   | Models: ['conv1d', 'qkv']
2026-09-25 12:15:00 | __main__                       | INFO   | No dataset regeneration: False
2026-09-25 12:15:00 | __main__                       | INFO   | ================================================================================
2026-09-25 12:15:00 | __main__                       | INFO   | EXPERIMENT ber_vs_snr
2026-09-25 12:15:00 | __main__                       | INFO   | ================================================================================
2026-09-25 12:15:00 | __main__                       | INFO   | ber_vs_snr: scenarios limited to ['k3_doppler_full']
2026-09-25 12:15:00 | __main__                       | WARNING | --force: overwriting /content/drive/MyDrive/sezione_3/full/ber_vs_snr in place
2026-09-25 12:15:00 | __main__                       | INFO   | experiment_name = ber_vs_snr_full
2026-09-25 12:15:00 | __main__                       | INFO   | seed = 42
2026-09-25 12:15:00 | __main__                       | INFO   | lambda_mse = 2
2026-09-25 12:15:00 | __main__                       | INFO   | sequence_length = 100
2026-09-25 12:15:00 | __main__                       | INFO   | map_type = logistic / map_param = 3.9
2026-09-25 12:15:00 | __main__                       | INFO   | backbone_type = conv1d
2026-09-25 12:15:00 | __main__                       | INFO   | epochs = 30
2026-09-25 12:15:01 | src.utils.config_loader        | INFO   | config snapshot saved: /content/drive/MyDrive/sezione_3/full/ber_vs_snr/logs/config_used.yaml
2026-09-25 12:15:01 | __main__                       | INFO   | ============================================================
2026-09-25 12:15:01 | __main__                       | INFO   | ber_vs_snr experiment: BER vs SNR (5 architectures, 3 scenarios)
2026-09-25 12:15:01 | __main__                       | INFO   | ============================================================
2026-09-25 12:15:01 | __main__                       | INFO   | ber_vs_snr: --model=['conv1d', 'qkv'] filters architectures to: ['conv1d', 'qkv']
2026-09-25 12:15:01 | __main__                       | INFO   | --- Scenario: k3_doppler_full ---
2026-09-25 12:15:01 | src.experiments.pipeline       | INFO   | Dataset not found in data/raw/760fc038, generating...
2026-09-25 12:15:02 | src.data.dataset_generator     | INFO   | saved data/raw/760fc038/train_snr-5_echo3.npz: 7500 symbols, x shape=(7500, 100), tau in [1, 33], f_d in [5.855e-08, 7.999e-05]
2026-09-25 12:15:04 | src.data.dataset_generator     | INFO   | saved data/raw/760fc038/train_snr-3_echo3.npz: 7500 symbols, x shape=(7500, 100), tau in [1, 33], f_d in [1.028e-07, 7.966e-05]
2026-09-25 12:15:04 | src.data.dataset_generator     | INFO   | saved data/raw/760fc038/train_snr-1_echo3.npz: 7500 symbols, x shape=(7500, 100), tau in [1, 33], f_d in [8.809e-08, 7.997e-05]
2026-09-25 12:15:06 | src.data.dataset_generator     | INFO   | saved data/raw/760fc038/train_snr1_echo3.npz: 7500 symbols, x shape=(7500, 100), tau in [1, 33], f_d in [1.393e-08, 7.996e-05]
2026-09-25 12:15:07 | src.data.dataset_generator     | INFO   | saved data/raw/760fc038/train_snr3_echo3.npz: 7500 symbols, x shape=(7500, 100), tau in [1, 33], f_d in [2.007e-08, 7.994e-05]
2026-09-25 12:15:08 | src.data.dataset_generator     | INFO   | saved data/raw/760fc038/train_snr5_echo3.npz: 7500 symbols, x shape=(7500, 100), tau in [1, 33], f_d in [9.287e-08, 7.999e-05]
2026-09-25 12:15:09 | src.data.dataset_generator     | INFO   | saved data/raw/760fc038/train_snr7_echo3.npz: 7500 symbols, x shape=(7500, 100), tau in [1, 33], f_d in [1.873e-08, 7.999e-05]
2026-09-25 12:15:10 | src.data.dataset_generator     | INFO   | saved data/raw/760fc038/train_snr9_echo3.npz: 7500 symbols, x shape=(7500, 100), tau in [1, 33], f_d in [3.304e-08, 7.999e-05]
2026-09-25 12:15:11 | src.data.dataset_generator     | INFO   | saved data/raw/760fc038/train_snr11_echo3.npz: 7500 symbols, x shape=(7500, 100), tau in [1, 33], f_d in [3.882e-08, 7.998e-05]
2026-09-25 12:15:11 | src.data.dataset_generator     | INFO   | saved data/raw/760fc038/train_snr13_echo3.npz: 7500 symbols, x shape=(7500, 100), tau in [1, 33], f_d in [4.591e-08, 7.993e-05]
2026-09-25 12:15:12 | src.data.dataset_generator     | INFO   | saved data/raw/760fc038/train_snr15_echo3.npz: 7500 symbols, x shape=(7500, 100), tau in [1, 33], f_d in [1.089e-08, 7.999e-05]
2026-09-25 12:15:13 | src.data.dataset_generator     | INFO   | saved data/raw/760fc038/train_snr17_echo3.npz: 7500 symbols, x shape=(7500, 100), tau in [1, 33], f_d in [7.323e-08, 7.986e-05]
2026-09-25 12:15:14 | src.data.dataset_generator     | INFO   | saved data/raw/760fc038/train_snr19_echo3.npz: 7500 symbols, x shape=(7500, 100), tau in [1, 33], f_d in [5.338e-08, 7.999e-05]
2026-09-25 12:15:14 | src.data.dataset_generator     | INFO   | saved data/raw/760fc038/train_snr21_echo3.npz: 7500 symbols, x shape=(7500, 100), tau in [1, 33], f_d in [2.547e-08, 7.992e-05]
2026-09-25 12:15:14 | src.data.dataset_generator     | INFO   | split 'train': 14 files generated, 7500 symbols per combination (combos=14)
2026-09-25 12:15:15 | src.data.dataset_generator     | INFO   | saved data/raw/760fc038/val_snr-5_echo3.npz: 5000 symbols, x shape=(5000, 100), tau in [1, 33], f_d in [6.988e-08, 7.999e-05]
2026-09-25 12:15:15 | src.data.dataset_generator     | INFO   | saved data/raw/760fc038/val_snr-3_echo3.npz: 5000 symbols, x shape=(5000, 100), tau in [1, 33], f_d in [2.936e-08, 7.981e-05]
2026-09-25 12:15:16 | src.data.dataset_generator     | INFO   | saved data/raw/760fc038/val_snr-1_echo3.npz: 5000 symbols, x shape=(5000, 100), tau in [1, 33], f_d in [1.602e-07, 7.976e-05]
2026-09-25 12:15:16 | src.data.dataset_generator     | INFO   | saved data/raw/760fc038/val_snr1_echo3.npz: 5000 symbols, x shape=(5000, 100), tau in [1, 33], f_d in [1.069e-07, 7.989e-05]
2026-09-25 12:15:17 | src.data.dataset_generator     | INFO   | saved data/raw/760fc038/val_snr3_echo3.npz: 5000 symbols, x shape=(5000, 100), tau in [1, 33], f_d in [1.071e-07, 7.983e-05]
2026-09-25 12:15:17 | src.data.dataset_generator     | INFO   | saved data/raw/760fc038/val_snr5_echo3.npz: 5000 symbols, x shape=(5000, 100), tau in [1, 33], f_d in [6.418e-08, 7.999e-05]
2026-09-25 12:15:18 | src.data.dataset_generator     | INFO   | saved data/raw/760fc038/val_snr7_echo3.npz: 5000 symbols, x shape=(5000, 100), tau in [1, 33], f_d in [1.053e-07, 7.992e-05]
2026-09-25 12:15:18 | src.data.dataset_generator     | INFO   | saved data/raw/760fc038/val_snr9_echo3.npz: 5000 symbols, x shape=(5000, 100), tau in [1, 33], f_d in [1.212e-08, 7.971e-05]
2026-09-25 12:15:19 | src.data.dataset_generator     | INFO   | saved data/raw/760fc038/val_snr11_echo3.npz: 5000 symbols, x shape=(5000, 100), tau in [1, 33], f_d in [6.813e-08, 7.990e-05]
2026-09-25 12:15:20 | src.data.dataset_generator     | INFO   | saved data/raw/760fc038/val_snr13_echo3.npz: 5000 symbols, x shape=(5000, 100), tau in [1, 33], f_d in [2.243e-08, 7.999e-05]
2026-09-25 12:15:20 | src.data.dataset_generator     | INFO   | saved data/raw/760fc038/val_snr15_echo3.npz: 5000 symbols, x shape=(5000, 100), tau in [1, 33], f_d in [1.167e-08, 7.999e-05]
2026-09-25 12:15:21 | src.data.dataset_generator     | INFO   | saved data/raw/760fc038/val_snr17_echo3.npz: 5000 symbols, x shape=(5000, 100), tau in [1, 33], f_d in [5.824e-08, 7.976e-05]
2026-09-25 12:15:22 | src.data.dataset_generator     | INFO   | saved data/raw/760fc038/val_snr19_echo3.npz: 5000 symbols, x shape=(5000, 100), tau in [1, 33], f_d in [9.317e-08, 7.983e-05]
2026-09-25 12:15:23 | src.data.dataset_generator     | INFO   | saved data/raw/760fc038/val_snr21_echo3.npz: 5000 symbols, x shape=(5000, 100), tau in [1, 33], f_d in [9.097e-08, 7.998e-05]
2026-09-25 12:15:23 | src.data.dataset_generator     | INFO   | split 'val': 14 files generated, 5000 symbols per combination (combos=14)
2026-09-25 12:15:25 | src.data.dataset_generator     | INFO   | saved data/raw/760fc038/test_snr-5_echo3.npz: 20000 symbols, x shape=(20000, 100), tau in [1, 33], f_d in [4.596e-08, 8.000e-05]
2026-09-25 12:15:27 | src.data.dataset_generator     | INFO   | saved data/raw/760fc038/test_snr-3_echo3.npz: 20000 symbols, x shape=(20000, 100), tau in [1, 33], f_d in [3.709e-08, 7.996e-05]
2026-09-25 12:15:29 | src.data.dataset_generator     | INFO   | saved data/raw/760fc038/test_snr-1_echo3.npz: 20000 symbols, x shape=(20000, 100), tau in [1, 33], f_d in [1.647e-08, 7.999e-05]
2026-09-25 12:15:31 | src.data.dataset_generator     | INFO   | saved data/raw/760fc038/test_snr1_echo3.npz: 20000 symbols, x shape=(20000, 100), tau in [1, 33], f_d in [2.711e-08, 7.998e-05]
2026-09-25 12:15:33 | src.data.dataset_generator     | INFO   | saved data/raw/760fc038/test_snr3_echo3.npz: 20000 symbols, x shape=(20000, 100), tau in [1, 33], f_d in [9.743e-09, 7.999e-05]
2026-09-25 12:15:36 | src.data.dataset_generator     | INFO   | saved data/raw/760fc038/test_snr5_echo3.npz: 20000 symbols, x shape=(20000, 100), tau in [1, 33], f_d in [3.631e-09, 7.997e-05]
2026-09-25 12:15:38 | src.data.dataset_generator     | INFO   | saved data/raw/760fc038/test_snr7_echo3.npz: 20000 symbols, x shape=(20000, 100), tau in [1, 33], f_d in [6.121e-09, 7.994e-05]
2026-09-25 12:15:40 | src.data.dataset_generator     | INFO   | saved data/raw/760fc038/test_snr9_echo3.npz: 20000 symbols, x shape=(20000, 100), tau in [1, 33], f_d in [7.410e-09, 7.982e-05]
2026-09-25 12:15:42 | src.data.dataset_generator     | INFO   | saved data/raw/760fc038/test_snr11_echo3.npz: 20000 symbols, x shape=(20000, 100), tau in [1, 33], f_d in [1.007e-08, 7.999e-05]
2026-09-25 12:15:44 | src.data.dataset_generator     | INFO   | saved data/raw/760fc038/test_snr13_echo3.npz: 20000 symbols, x shape=(20000, 100), tau in [1, 33], f_d in [7.872e-09, 7.999e-05]
2026-09-25 12:15:46 | src.data.dataset_generator     | INFO   | saved data/raw/760fc038/test_snr15_echo3.npz: 20000 symbols, x shape=(20000, 100), tau in [1, 33], f_d in [8.955e-10, 7.999e-05]
2026-09-25 12:15:49 | src.data.dataset_generator     | INFO   | saved data/raw/760fc038/test_snr17_echo3.npz: 20000 symbols, x shape=(20000, 100), tau in [1, 33], f_d in [1.103e-08, 7.996e-05]
2026-09-25 12:15:52 | src.data.dataset_generator     | INFO   | saved data/raw/760fc038/test_snr19_echo3.npz: 20000 symbols, x shape=(20000, 100), tau in [1, 33], f_d in [1.161e-08, 7.998e-05]
2026-09-25 12:15:54 | src.data.dataset_generator     | INFO   | saved data/raw/760fc038/test_snr21_echo3.npz: 20000 symbols, x shape=(20000, 100), tau in [1, 33], f_d in [1.161e-07, 7.999e-05]
2026-09-25 12:15:54 | src.data.dataset_generator     | INFO   | split 'test': 14 files generated, 20000 symbols per combination (combos=14)
2026-09-25 12:15:54 | src.data.data_loader           | INFO   | split 'train': 105000 total samples, x shape=(105000, 100), tau in [1.00, 33.00], f_d in [1.089e-08, 7.999e-05]
2026-09-25 12:15:54 | src.data.data_loader           | INFO   | balancing verified: 7500 samples for each of the 14 (SNR, K) combinations
2026-09-25 12:16:09 | src.experiments.pipeline       | INFO   | Split 'train': 105000 samples
2026-09-25 12:16:10 | src.data.data_loader           | INFO   | split 'val': 70000 total samples, x shape=(70000, 100), tau in [1.00, 33.00], f_d in [1.167e-08, 7.999e-05]
2026-09-25 12:16:10 | src.data.data_loader           | INFO   | balancing verified: 5000 samples for each of the 14 (SNR, K) combinations
2026-09-25 12:16:20 | src.experiments.pipeline       | INFO   | Split 'val': 70000 samples
2026-09-25 12:16:24 | src.data.data_loader           | INFO   | dataset built: n=105000, batch_size=128, feature_mode=iq, shuffle=True, seed=42
2026-09-25 12:16:25 | src.data.data_loader           | INFO   | dataset built: n=70000, batch_size=128, feature_mode=iq, shuffle=False, seed=42
2026-09-25 12:16:25 | __main__                       | INFO   | Architecture: conv1d
2026-09-25 12:16:25 | src.experiments.pipeline       | INFO   | build_model 'conv1d': model seed applied = 21 (from model.seeds.conv1d, dataset seed stays 42)
2026-09-25 12:16:26 | src.models.heads               | INFO   | communication_head built: input_dim=64, units=128, M=2, params=8578
2026-09-25 12:16:26 | src.models.heads               | INFO   | sensing_head built: input_dim=227, units=32, output_units=2, params=7362
2026-09-25 12:16:28 | src.models.ultra_can           | INFO   | model 'dual_head_ultra_can' built: comm=8578 params, sensing=7362 params, TOTAL=26597 params
2026-09-25 12:16:28 | src.experiments.pipeline       | INFO   | Model 'dual_head_ultra_can' built: 26597 trainable parameters.
2026-09-25 12:16:28 | src.experiments.pipeline       | INFO   | Training for 30 epochs, lambda_mse=2.0000
2026-09-25 12:16:28 | src.training.trainer           | INFO   | Trainer initialized: lambda_mse = 2.0
2026-09-25 12:16:29 | src.training.trainer           | INFO   | Model compiled: loss_weights = {'comm': 1.0, 'sensing': 2}, lr=0.001000, optimizer=adam, label_smoothing=0.1, lr_schedule=cosine, sensing_range_penalty=1.0
2026-09-25 12:16:31 | src.training.trainer           | INFO   | Callbacks configured: 5
2026-09-25 12:16:31 | src.training.trainer           | INFO   | Starting training: epochs=30, batch_size=128
2026-09-25 12:20:04 | src.training.trainer           | INFO   | History saved to /content/drive/MyDrive/sezione_3/full/ber_vs_snr/k3_doppler_full/conv1d/logs/history.csv
2026-09-25 12:20:04 | src.training.trainer           | INFO   | Metadata saved to /content/drive/MyDrive/sezione_3/full/ber_vs_snr/k3_doppler_full/conv1d/logs/run_metadata.json
2026-09-25 12:20:04 | src.training.trainer           | INFO   | Training completed in 27 epochs. Best val_loss = 0.412517, best loss = 0.409533
2026-09-25 12:20:04 | src.training.trainer           | INFO   | Best weights reloaded from /content/drive/MyDrive/sezione_3/full/ber_vs_snr/k3_doppler_full/conv1d/logs/best_weights.weights.h5 before evaluation/saving
2026-09-25 12:20:04 | src.evaluation.evaluator       | INFO   | ONLINE evaluation over 14 SNR points (batch=100000, max_symbols=2000000, floor BER=2.5e-07)
2026-09-25 12:30:12 | src.evaluation.evaluator       | INFO   | Online evaluation completed for 14 SNR points
2026-09-25 12:30:12 | src.experiments.pipeline       | INFO   | Metrics saved to /content/drive/MyDrive/sezione_3/full/ber_vs_snr/k3_doppler_full/conv1d/metrics.csv
2026-09-25 12:30:14 | src.evaluation.evaluator       | INFO   | BER plot saved to /content/drive/MyDrive/sezione_3/full/ber_vs_snr/k3_doppler_full/conv1d/plots/ber_vs_snr_dual_head_ultra_can.pdf
2026-09-25 12:30:14 | src.experiments.pipeline       | INFO   | BER vs SNR plot saved to /content/drive/MyDrive/sezione_3/full/ber_vs_snr/k3_doppler_full/conv1d/plots/ber_vs_snr_dual_head_ultra_can.pdf
2026-09-25 12:30:14 | src.experiments.pipeline       | INFO   | Model saved to /content/drive/MyDrive/sezione_3/full/ber_vs_snr/k3_doppler_full/conv1d/best_model.keras
2026-09-25 12:30:14 | src.utils.config_loader        | INFO   | config snapshot saved: /content/drive/MyDrive/sezione_3/full/ber_vs_snr/k3_doppler_full/conv1d/logs/config_used.yaml
2026-09-25 12:30:14 | __main__                       | INFO   | RSS [ber_vs_snr k3_doppler_full/conv1d] = 2.77 GB
2026-09-25 12:30:14 | __main__                       | INFO   | Architecture: qkv
2026-09-25 12:30:14 | src.experiments.pipeline       | INFO   | build_model 'qkv': model seed applied = 15 (from model.seeds.qkv, dataset seed stays 42)
2026-09-25 12:30:14 | src.models.heads               | INFO   | communication_head built: input_dim=64, units=128, M=2, params=8578
2026-09-25 12:30:15 | src.models.heads               | INFO   | sensing_head built: input_dim=227, units=32, output_units=2, params=7362
2026-09-25 12:30:16 | src.models.ultra_can_qkv       | INFO   | model 'dual_head_ultra_can_qkv' built: comm=8578 params, sensing=7362 params, TOTAL=43172 params, lambda_mse=2
2026-09-25 12:30:16 | src.experiments.pipeline       | INFO   | Model 'dual_head_ultra_can_qkv' built: 43172 trainable parameters.
2026-09-25 12:30:16 | src.experiments.pipeline       | INFO   | Training for 30 epochs, lambda_mse=2.0000
2026-09-25 12:30:16 | src.training.trainer           | INFO   | Trainer initialized: lambda_mse = 2.0
2026-09-25 12:30:17 | src.training.trainer           | INFO   | Model compiled: loss_weights = {'comm': 1.0, 'sensing': 2}, lr=0.001000, optimizer=adam, label_smoothing=0.1, lr_schedule=cosine, sensing_range_penalty=1.0
2026-09-25 12:30:18 | src.training.trainer           | INFO   | Callbacks configured: 5
2026-09-25 12:30:18 | src.training.trainer           | INFO   | Starting training: epochs=30, batch_size=128
2026-09-25 12:36:00 | src.training.trainer           | INFO   | History saved to /content/drive/MyDrive/sezione_3/full/ber_vs_snr/k3_doppler_full/qkv/logs/history.csv
2026-09-25 12:36:00 | src.training.trainer           | INFO   | Metadata saved to /content/drive/MyDrive/sezione_3/full/ber_vs_snr/k3_doppler_full/qkv/logs/run_metadata.json
2026-09-25 12:36:00 | src.training.trainer           | INFO   | Training completed in 30 epochs. Best val_loss = 0.406275, best loss = 0.395558
2026-09-25 12:36:00 | src.training.trainer           | INFO   | Best weights reloaded from /content/drive/MyDrive/sezione_3/full/ber_vs_snr/k3_doppler_full/qkv/logs/best_weights.weights.h5 before evaluation/saving
2026-09-25 12:36:00 | src.evaluation.evaluator       | INFO   | ONLINE evaluation over 14 SNR points (batch=100000, max_symbols=2000000, floor BER=2.5e-07)
2026-09-25 12:36:20 | src.evaluation.evaluator       | WARNING | SNR=-5.0 dB: 11/200000 sensing elements outside [0,1] (min=-0.1976, max=0.9971) -> clamped
2026-09-25 12:48:33 | src.evaluation.evaluator       | INFO   | Online evaluation completed for 14 SNR points
2026-09-25 12:48:33 | src.experiments.pipeline       | INFO   | Metrics saved to /content/drive/MyDrive/sezione_3/full/ber_vs_snr/k3_doppler_full/qkv/metrics.csv
2026-09-25 12:48:34 | src.evaluation.evaluator       | INFO   | BER plot saved to /content/drive/MyDrive/sezione_3/full/ber_vs_snr/k3_doppler_full/qkv/plots/ber_vs_snr_dual_head_ultra_can_qkv.pdf
2026-09-25 12:48:34 | src.experiments.pipeline       | INFO   | BER vs SNR plot saved to /content/drive/MyDrive/sezione_3/full/ber_vs_snr/k3_doppler_full/qkv/plots/ber_vs_snr_dual_head_ultra_can_qkv.pdf
2026-09-25 12:48:34 | src.experiments.pipeline       | INFO   | Model saved to /content/drive/MyDrive/sezione_3/full/ber_vs_snr/k3_doppler_full/qkv/best_model.keras
2026-09-25 12:48:34 | src.utils.config_loader        | INFO   | config snapshot saved: /content/drive/MyDrive/sezione_3/full/ber_vs_snr/k3_doppler_full/qkv/logs/config_used.yaml
2026-09-25 12:48:35 | __main__                       | INFO   | RSS [ber_vs_snr k3_doppler_full/qkv] = 3.18 GB
2026-09-25 12:48:35 | src.evaluation.compare_baselines | INFO   | BER plot saved to /content/drive/MyDrive/sezione_3/full/ber_vs_snr/plots/ber_vs_snr_k3_doppler_full.pdf
2026-09-25 12:48:35 | src.experiments.pipeline       | INFO   | Overlay saved to /content/drive/MyDrive/sezione_3/full/ber_vs_snr/plots/ber_vs_snr_k3_doppler_full.pdf
2026-09-25 12:48:36 | __main__                       | INFO   | RSS [ber_vs_snr k3_doppler_full scenario done] = 2.80 GB
2026-09-25 12:48:36 | __main__                       | INFO   | ber_vs_snr experiment completed.
2026-09-25 12:48:36 | __main__                       | INFO   | Experiment ber_vs_snr completed successfully.
2026-09-25 12:48:36 | __main__                       | INFO   | ================================================================================
2026-09-25 12:48:36 | __main__                       | INFO   | SUMMARY
2026-09-25 12:48:36 | __main__                       | INFO   | ================================================================================
2026-09-25 12:48:36 | __main__                       | INFO   | ber_vs_snr: OK
2026-09-25 12:48:36 | __main__                       | INFO   | All requested experiments finished. Output in: /content/drive/MyDrive/sezione_3
